// Jest Snapshot v1, https://goo.gl/fbAQLP

exports[`renders ./docs/.vuepress/components/demo/calendar/basic.vue correctly 1`] = `
<div class="nova-calendar">
  <div class="nova-calendar-months">
    <div class="nova-calendar-month">
      <div class="nova-calendar-header">
        <div class="nova-calendar-weeks">
          <div class="nova-calendar-week nova-calendar-sun">日</div>
          <div class="nova-calendar-week nova-calendar-mon">一</div>
          <div class="nova-calendar-week nova-calendar-tue">二</div>
          <div class="nova-calendar-week nova-calendar-wed">三</div>
          <div class="nova-calendar-week nova-calendar-thu">四</div>
          <div class="nova-calendar-week nova-calendar-fri">五</div>
          <div class="nova-calendar-week nova-calendar-sat">六</div>
        </div>
      </div>
      <div class="nova-calendar-content">
        <div class="nova-calendar-dates">
          <div class="nova-calendar-date is-prev">
            <div class="nova-calendar-date-number">26</div>
          </div>
          <div class="nova-calendar-date is-prev">
            <div class="nova-calendar-date-number">27</div>
          </div>
          <div class="nova-calendar-date is-prev">
            <div class="nova-calendar-date-number">28</div>
          </div>
          <div class="nova-calendar-date is-prev">
            <div class="nova-calendar-date-number">29</div>
          </div>
          <div class="nova-calendar-date is-prev">
            <div class="nova-calendar-date-number">30</div>
          </div>
          <div class="nova-calendar-date is-prev">
            <div class="nova-calendar-date-number">31</div>
          </div>
          <div class="nova-calendar-date">
            <div class="nova-calendar-date-number">1</div>
          </div>
          <div class="nova-calendar-date">
            <div class="nova-calendar-date-number">2</div>
          </div>
          <div class="nova-calendar-date">
            <div class="nova-calendar-date-number">3</div>
          </div>
          <div class="nova-calendar-date">
            <div class="nova-calendar-date-number">4</div>
          </div>
          <div class="nova-calendar-date">
            <div class="nova-calendar-date-number">5</div>
          </div>
          <div class="nova-calendar-date">
            <div class="nova-calendar-date-number">6</div>
          </div>
          <div class="nova-calendar-date">
            <div class="nova-calendar-date-number">7</div>
          </div>
          <div class="nova-calendar-date">
            <div class="nova-calendar-date-number">8</div>
          </div>
          <div class="nova-calendar-date">
            <div class="nova-calendar-date-number">9</div>
          </div>
          <div class="nova-calendar-date">
            <div class="nova-calendar-date-number">10</div>
          </div>
          <div class="nova-calendar-date">
            <div class="nova-calendar-date-number">11</div>
          </div>
          <div class="nova-calendar-date">
            <div class="nova-calendar-date-number">12</div>
          </div>
          <div class="nova-calendar-date">
            <div class="nova-calendar-date-number">13</div>
          </div>
          <div class="nova-calendar-date">
            <div class="nova-calendar-date-number">14</div>
          </div>
          <div class="nova-calendar-date">
            <div class="nova-calendar-date-number">15</div>
          </div>
          <div class="nova-calendar-date">
            <div class="nova-calendar-date-number">16</div>
          </div>
          <div class="nova-calendar-date">
            <div class="nova-calendar-date-number">17</div>
          </div>
          <div class="nova-calendar-date">
            <div class="nova-calendar-date-number">18</div>
          </div>
          <div class="nova-calendar-date">
            <div class="nova-calendar-date-number">19</div>
          </div>
          <div class="nova-calendar-date">
            <div class="nova-calendar-date-number">20</div>
          </div>
          <div class="nova-calendar-date">
            <div class="nova-calendar-date-number">21</div>
          </div>
          <div class="nova-calendar-date">
            <div class="nova-calendar-date-number">22</div>
          </div>
          <div class="nova-calendar-date">
            <div class="nova-calendar-date-number">23</div>
          </div>
          <div class="nova-calendar-date">
            <div class="nova-calendar-date-number">24</div>
          </div>
          <div class="nova-calendar-date">
            <div class="nova-calendar-date-number">25</div>
          </div>
          <div class="nova-calendar-date">
            <div class="nova-calendar-date-number">26</div>
          </div>
          <div class="nova-calendar-date">
            <div class="nova-calendar-date-number">27</div>
          </div>
          <div class="nova-calendar-date">
            <div class="nova-calendar-date-number">28</div>
          </div>
          <div class="nova-calendar-date">
            <div class="nova-calendar-date-number">29</div>
          </div>
          <div class="nova-calendar-date">
            <div class="nova-calendar-date-number">30</div>
          </div>
          <div class="nova-calendar-date">
            <div class="nova-calendar-date-number">31</div>
          </div>
          <div class="nova-calendar-date is-next">
            <div class="nova-calendar-date-number">1</div>
          </div>
          <div class="nova-calendar-date is-next">
            <div class="nova-calendar-date-number">2</div>
          </div>
          <div class="nova-calendar-date is-next">
            <div class="nova-calendar-date-number">3</div>
          </div>
          <div class="nova-calendar-date is-next">
            <div class="nova-calendar-date-number">4</div>
          </div>
          <div class="nova-calendar-date is-next">
            <div class="nova-calendar-date-number">5</div>
          </div>
        </div>
      </div>
      <div class="nova-calendar-sidebar">
        <div tabindex="0" title="上个月" class="nova-calendar-prev"><span class="nova-icon nova-icon-top"><svg viewBox="0 0 24 24" fill="currentColor" width="1em" height="1em"><path d="M12 8.415l-7.071 7.071-1.414-1.415L12 5.586l8.486 8.485-1.415 1.415z"></path></svg></span>上个月</div>
        <div class="nova-calendar-title"><span class="nova-calendar-title-support"></span><span class="nova-calendar-title-text">2000年
1月</span></div>
        <div tabindex="0" title="下个月" class="nova-calendar-next"><span class="nova-icon nova-icon-bottom"><svg viewBox="0 0 24 24" fill="currentColor" width="1em" height="1em"><path d="M10.586 17l-7.07-7.07 1.413-1.415L12 15.586l7.072-7.071 1.414 1.415-8.485 8.485z"></path></svg></span>下个月</div>
      </div>
    </div>
  </div>
</div>
`;

exports[`renders ./docs/.vuepress/components/demo/calendar/notice.vue correctly 1`] = `
<div class="nova-calendar">
  <div class="nova-calendar-months">
    <div class="nova-calendar-month">
      <div class="nova-calendar-header">
        <div class="nova-calendar-weeks">
          <div class="nova-calendar-week nova-calendar-sun">日</div>
          <div class="nova-calendar-week nova-calendar-mon">一</div>
          <div class="nova-calendar-week nova-calendar-tue">二</div>
          <div class="nova-calendar-week nova-calendar-wed">三</div>
          <div class="nova-calendar-week nova-calendar-thu">四</div>
          <div class="nova-calendar-week nova-calendar-fri">五</div>
          <div class="nova-calendar-week nova-calendar-sat">六</div>
        </div>
      </div>
      <div class="nova-calendar-content">
        <div class="nova-calendar-dates">
          <div class="nova-calendar-date is-prev">
            <div class="date-cell">
              <div class="date-num">26</div>
              <ul class="events"></ul>
            </div>
          </div>
          <div class="nova-calendar-date is-prev">
            <div class="date-cell">
              <div class="date-num">27</div>
              <ul class="events"></ul>
            </div>
          </div>
          <div class="nova-calendar-date is-prev">
            <div class="date-cell">
              <div class="date-num">28</div>
              <ul class="events"></ul>
            </div>
          </div>
          <div class="nova-calendar-date is-prev">
            <div class="date-cell">
              <div class="date-num">29</div>
              <ul class="events"></ul>
            </div>
          </div>
          <div class="nova-calendar-date is-prev">
            <div class="date-cell">
              <div class="date-num">30</div>
              <ul class="events"></ul>
            </div>
          </div>
          <div class="nova-calendar-date is-prev">
            <div class="date-cell">
              <div class="date-num">31</div>
              <ul class="events"></ul>
            </div>
          </div>
          <div class="nova-calendar-date">
            <div class="date-cell">
              <div class="date-num">1</div>
              <ul class="events"></ul>
            </div>
          </div>
          <div class="nova-calendar-date">
            <div class="date-cell">
              <div class="date-num">2</div>
              <ul class="events"></ul>
            </div>
          </div>
          <div class="nova-calendar-date">
            <div class="date-cell">
              <div class="date-num">3</div>
              <ul class="events"></ul>
            </div>
          </div>
          <div class="nova-calendar-date">
            <div class="date-cell">
              <div class="date-num">4</div>
              <ul class="events"></ul>
            </div>
          </div>
          <div class="nova-calendar-date">
            <div class="date-cell">
              <div class="date-num">5</div>
              <ul class="events"></ul>
            </div>
          </div>
          <div class="nova-calendar-date">
            <div class="date-cell">
              <div class="date-num">6</div>
              <ul class="events"></ul>
            </div>
          </div>
          <div class="nova-calendar-date">
            <div class="date-cell">
              <div class="date-num">7</div>
              <ul class="events"></ul>
            </div>
          </div>
          <div class="nova-calendar-date">
            <div class="date-cell">
              <div class="date-num">8</div>
              <ul class="events">
                <li>
                  <div class="nova-alert nova-alert-warning nova-alert-placement-bottom"><span class="nova-alert-icon nova-alert-icon-warning"><span class="nova-icon nova-icon-error"><svg viewBox="0 0 24 24" fill="currentColor" width="1em" height="1em"><path d="M12 22A10.011 10.011 0 012 12 10.011 10.011 0 0112 2a10.011 10.011 0 0110 10 10.011 10.011 0 01-10 10zm-1-7v2h2v-2zm0-8v6h2V7z"></path></svg></span></span>This is warning event.</div>
                </li>
                <li>
                  <div class="nova-alert nova-alert-success nova-alert-placement-bottom"><span class="nova-alert-icon nova-alert-icon-success"><span class="nova-icon nova-icon-check-circle"><svg viewBox="0 0 24 24" fill="currentColor" width="1em" height="1em"><path d="M12 22A10.011 10.011 0 012 12 10.011 10.011 0 0112 2a10.011 10.011 0 0110 10 10.011 10.011 0 01-10 10zM6.254 10.839L4.84 12.253l4.243 4.243 1.414 1.414 8.485-8.485-1.414-1.415-7.068 7.072-4.243-4.243z"></path></svg></span></span>This is success event.</div>
                </li>
              </ul>
            </div>
          </div>
          <div class="nova-calendar-date">
            <div class="date-cell">
              <div class="date-num">9</div>
              <ul class="events"></ul>
            </div>
          </div>
          <div class="nova-calendar-date">
            <div class="date-cell">
              <div class="date-num">10</div>
              <ul class="events">
                <li>
                  <div class="nova-alert nova-alert-warning nova-alert-placement-bottom"><span class="nova-alert-icon nova-alert-icon-warning"><span class="nova-icon nova-icon-error"><svg viewBox="0 0 24 24" fill="currentColor" width="1em" height="1em"><path d="M12 22A10.011 10.011 0 012 12 10.011 10.011 0 0112 2a10.011 10.011 0 0110 10 10.011 10.011 0 01-10 10zm-1-7v2h2v-2zm0-8v6h2V7z"></path></svg></span></span>This is warning event.</div>
                </li>
                <li>
                  <div class="nova-alert nova-alert-success nova-alert-placement-bottom"><span class="nova-alert-icon nova-alert-icon-success"><span class="nova-icon nova-icon-check-circle"><svg viewBox="0 0 24 24" fill="currentColor" width="1em" height="1em"><path d="M12 22A10.011 10.011 0 012 12 10.011 10.011 0 0112 2a10.011 10.011 0 0110 10 10.011 10.011 0 01-10 10zM6.254 10.839L4.84 12.253l4.243 4.243 1.414 1.414 8.485-8.485-1.414-1.415-7.068 7.072-4.243-4.243z"></path></svg></span></span>This is success event.</div>
                </li>
                <li>
                  <div class="nova-alert nova-alert-error nova-alert-placement-bottom"><span class="nova-alert-icon nova-alert-icon-error"><span class="nova-icon nova-icon-cancel"><svg viewBox="0 0 24 24" fill="currentColor" width="1em" height="1em"><path d="M4.93 19.07a10.012 10.012 0 010-14.141 10.011 10.011 0 0114.141 0 10.011 10.011 0 010 14.142 10.012 10.012 0 01-14.142 0zM8.464 7.05L7.05 8.464 10.586 12l-3.535 3.535 1.414 1.414L12 13.414l3.536 3.535 1.414-1.414L13.415 12l3.535-3.536-1.414-1.414L12 10.586z"></path></svg></span></span>This is error event.</div>
                </li>
              </ul>
            </div>
          </div>
          <div class="nova-calendar-date">
            <div class="date-cell">
              <div class="date-num">11</div>
              <ul class="events"></ul>
            </div>
          </div>
          <div class="nova-calendar-date">
            <div class="date-cell">
              <div class="date-num">12</div>
              <ul class="events"></ul>
            </div>
          </div>
          <div class="nova-calendar-date">
            <div class="date-cell">
              <div class="date-num">13</div>
              <ul class="events"></ul>
            </div>
          </div>
          <div class="nova-calendar-date">
            <div class="date-cell">
              <div class="date-num">14</div>
              <ul class="events"></ul>
            </div>
          </div>
          <div class="nova-calendar-date">
            <div class="date-cell">
              <div class="date-num">15</div>
              <ul class="events">
                <li>
                  <div class="nova-alert nova-alert-warning nova-alert-placement-bottom"><span class="nova-alert-icon nova-alert-icon-warning"><span class="nova-icon nova-icon-error"><svg viewBox="0 0 24 24" fill="currentColor" width="1em" height="1em"><path d="M12 22A10.011 10.011 0 012 12 10.011 10.011 0 0112 2a10.011 10.011 0 0110 10 10.011 10.011 0 01-10 10zm-1-7v2h2v-2zm0-8v6h2V7z"></path></svg></span></span>This is warning event.</div>
                </li>
                <li>
                  <div class="nova-alert nova-alert-success nova-alert-placement-bottom"><span class="nova-alert-icon nova-alert-icon-success"><span class="nova-icon nova-icon-check-circle"><svg viewBox="0 0 24 24" fill="currentColor" width="1em" height="1em"><path d="M12 22A10.011 10.011 0 012 12 10.011 10.011 0 0112 2a10.011 10.011 0 0110 10 10.011 10.011 0 01-10 10zM6.254 10.839L4.84 12.253l4.243 4.243 1.414 1.414 8.485-8.485-1.414-1.415-7.068 7.072-4.243-4.243z"></path></svg></span></span>This is very long usual event.</div>
                </li>
                <li>
                  <div class="nova-alert nova-alert-error nova-alert-placement-bottom"><span class="nova-alert-icon nova-alert-icon-error"><span class="nova-icon nova-icon-cancel"><svg viewBox="0 0 24 24" fill="currentColor" width="1em" height="1em"><path d="M4.93 19.07a10.012 10.012 0 010-14.141 10.011 10.011 0 0114.141 0 10.011 10.011 0 010 14.142 10.012 10.012 0 01-14.142 0zM8.464 7.05L7.05 8.464 10.586 12l-3.535 3.535 1.414 1.414L12 13.414l3.536 3.535 1.414-1.414L13.415 12l3.535-3.536-1.414-1.414L12 10.586z"></path></svg></span></span>This is error event 1.</div>
                </li>
                <li>
                  <div class="nova-alert nova-alert-error nova-alert-placement-bottom"><span class="nova-alert-icon nova-alert-icon-error"><span class="nova-icon nova-icon-cancel"><svg viewBox="0 0 24 24" fill="currentColor" width="1em" height="1em"><path d="M4.93 19.07a10.012 10.012 0 010-14.141 10.011 10.011 0 0114.141 0 10.011 10.011 0 010 14.142 10.012 10.012 0 01-14.142 0zM8.464 7.05L7.05 8.464 10.586 12l-3.535 3.535 1.414 1.414L12 13.414l3.536 3.535 1.414-1.414L13.415 12l3.535-3.536-1.414-1.414L12 10.586z"></path></svg></span></span>This is error event 2.</div>
                </li>
                <li>
                  <div class="nova-alert nova-alert-error nova-alert-placement-bottom"><span class="nova-alert-icon nova-alert-icon-error"><span class="nova-icon nova-icon-cancel"><svg viewBox="0 0 24 24" fill="currentColor" width="1em" height="1em"><path d="M4.93 19.07a10.012 10.012 0 010-14.141 10.011 10.011 0 0114.141 0 10.011 10.011 0 010 14.142 10.012 10.012 0 01-14.142 0zM8.464 7.05L7.05 8.464 10.586 12l-3.535 3.535 1.414 1.414L12 13.414l3.536 3.535 1.414-1.414L13.415 12l3.535-3.536-1.414-1.414L12 10.586z"></path></svg></span></span>This is error event 3.</div>
                </li>
                <li>
                  <div class="nova-alert nova-alert-error nova-alert-placement-bottom"><span class="nova-alert-icon nova-alert-icon-error"><span class="nova-icon nova-icon-cancel"><svg viewBox="0 0 24 24" fill="currentColor" width="1em" height="1em"><path d="M4.93 19.07a10.012 10.012 0 010-14.141 10.011 10.011 0 0114.141 0 10.011 10.011 0 010 14.142 10.012 10.012 0 01-14.142 0zM8.464 7.05L7.05 8.464 10.586 12l-3.535 3.535 1.414 1.414L12 13.414l3.536 3.535 1.414-1.414L13.415 12l3.535-3.536-1.414-1.414L12 10.586z"></path></svg></span></span>This is error event 4.</div>
                </li>
              </ul>
            </div>
          </div>
          <div class="nova-calendar-date">
            <div class="date-cell">
              <div class="date-num">16</div>
              <ul class="events"></ul>
            </div>
          </div>
          <div class="nova-calendar-date">
            <div class="date-cell">
              <div class="date-num">17</div>
              <ul class="events"></ul>
            </div>
          </div>
          <div class="nova-calendar-date">
            <div class="date-cell">
              <div class="date-num">18</div>
              <ul class="events"></ul>
            </div>
          </div>
          <div class="nova-calendar-date">
            <div class="date-cell">
              <div class="date-num">19</div>
              <ul class="events"></ul>
            </div>
          </div>
          <div class="nova-calendar-date">
            <div class="date-cell">
              <div class="date-num">20</div>
              <ul class="events"></ul>
            </div>
          </div>
          <div class="nova-calendar-date">
            <div class="date-cell">
              <div class="date-num">21</div>
              <ul class="events"></ul>
            </div>
          </div>
          <div class="nova-calendar-date">
            <div class="date-cell">
              <div class="date-num">22</div>
              <ul class="events"></ul>
            </div>
          </div>
          <div class="nova-calendar-date">
            <div class="date-cell">
              <div class="date-num">23</div>
              <ul class="events"></ul>
            </div>
          </div>
          <div class="nova-calendar-date">
            <div class="date-cell">
              <div class="date-num">24</div>
              <ul class="events"></ul>
            </div>
          </div>
          <div class="nova-calendar-date">
            <div class="date-cell">
              <div class="date-num">25</div>
              <ul class="events"></ul>
            </div>
          </div>
          <div class="nova-calendar-date">
            <div class="date-cell">
              <div class="date-num">26</div>
              <ul class="events"></ul>
            </div>
          </div>
          <div class="nova-calendar-date">
            <div class="date-cell">
              <div class="date-num">27</div>
              <ul class="events"></ul>
            </div>
          </div>
          <div class="nova-calendar-date">
            <div class="date-cell">
              <div class="date-num">28</div>
              <ul class="events"></ul>
            </div>
          </div>
          <div class="nova-calendar-date">
            <div class="date-cell">
              <div class="date-num">29</div>
              <ul class="events"></ul>
            </div>
          </div>
          <div class="nova-calendar-date">
            <div class="date-cell">
              <div class="date-num">30</div>
              <ul class="events"></ul>
            </div>
          </div>
          <div class="nova-calendar-date">
            <div class="date-cell">
              <div class="date-num">31</div>
              <ul class="events"></ul>
            </div>
          </div>
          <div class="nova-calendar-date is-next">
            <div class="date-cell">
              <div class="date-num">1</div>
              <ul class="events"></ul>
            </div>
          </div>
          <div class="nova-calendar-date is-next">
            <div class="date-cell">
              <div class="date-num">2</div>
              <ul class="events"></ul>
            </div>
          </div>
          <div class="nova-calendar-date is-next">
            <div class="date-cell">
              <div class="date-num">3</div>
              <ul class="events"></ul>
            </div>
          </div>
          <div class="nova-calendar-date is-next">
            <div class="date-cell">
              <div class="date-num">4</div>
              <ul class="events"></ul>
            </div>
          </div>
          <div class="nova-calendar-date is-next">
            <div class="date-cell">
              <div class="date-num">5</div>
              <ul class="events"></ul>
            </div>
          </div>
        </div>
      </div>
      <div class="nova-calendar-sidebar">
        <div tabindex="0" title="上个月" class="nova-calendar-prev"><span class="nova-icon nova-icon-top"><svg viewBox="0 0 24 24" fill="currentColor" width="1em" height="1em"><path d="M12 8.415l-7.071 7.071-1.414-1.415L12 5.586l8.486 8.485-1.415 1.415z"></path></svg></span>上个月</div>
        <div class="nova-calendar-title"><span class="nova-calendar-title-support"></span><span class="nova-calendar-title-text">2000年
1月</span></div>
        <div tabindex="0" title="下个月" class="nova-calendar-next"><span class="nova-icon nova-icon-bottom"><svg viewBox="0 0 24 24" fill="currentColor" width="1em" height="1em"><path d="M10.586 17l-7.07-7.07 1.413-1.415L12 15.586l7.072-7.071 1.414 1.415-8.485 8.485z"></path></svg></span>下个月</div>
      </div>
    </div>
  </div>
</div>
`;
