// Jest Snapshot v1, https://goo.gl/fbAQLP

exports[`renders ./docs/.vuepress/components/demo/checkbox/basic.vue correctly 1`] = `
<div class="nova-checkbox">
  <div tabindex="0" class="nova-checkbox-input"></div>
  <div class="nova-checkbox-label">Checkbox</div>
</div>
`;

exports[`renders ./docs/.vuepress/components/demo/checkbox/controller.vue correctly 1`] = `
<section>
  <p>
    <div class="nova-checkbox is-checked">
      <div tabindex="0" class="nova-checkbox-input"></div>
      <div class="nova-checkbox-label">
        Checked
        -
        Enabled
      </div>
    </div>
  </p>
  <p><button>
      Uncheck
    </button> <button>
      Disable
    </button></p>
</section>
`;

exports[`renders ./docs/.vuepress/components/demo/checkbox/disabled.vue correctly 1`] = `
<section>
  <div class="nova-checkbox is-disabled">
    <div tabindex="-1" class="nova-checkbox-input"></div>
    <div class="nova-checkbox-label"></div>
  </div> <br>
  <div class="nova-checkbox is-checked is-disabled">
    <div tabindex="-1" class="nova-checkbox-input"></div>
    <div class="nova-checkbox-label"></div>
  </div> <br> <button>Toggle Disabled</button>
</section>
`;

exports[`renders ./docs/.vuepress/components/demo/checkbox/group.vue correctly 1`] = `
<section>
  <div class="nova-checkbox-group">
    <div class="nova-checkbox">
      <div tabindex="0" class="nova-checkbox-input"></div>
      <div class="nova-checkbox-label">
        Apple
      </div>
    </div>
    <div class="nova-checkbox">
      <div tabindex="0" class="nova-checkbox-input"></div>
      <div class="nova-checkbox-label">
        Peach
      </div>
    </div>
    <div class="nova-checkbox">
      <div tabindex="0" class="nova-checkbox-input"></div>
      <div class="nova-checkbox-label">
        Orange
      </div>
    </div>
    <div class="nova-checkbox">
      <div tabindex="0" class="nova-checkbox-input"></div>
      <div class="nova-checkbox-label">
        Cherry
      </div>
    </div>
  </div>
  <div class="nova-checkbox-group">
    <div class="nova-checkbox">
      <div tabindex="0" class="nova-checkbox-input"></div>
      <div class="nova-checkbox-label">
        Apple
      </div>
    </div>
    <div class="nova-checkbox">
      <div tabindex="0" class="nova-checkbox-input"></div>
      <div class="nova-checkbox-label">
        Peach
      </div>
    </div>
    <div class="nova-checkbox">
      <div tabindex="0" class="nova-checkbox-input"></div>
      <div class="nova-checkbox-label">
        Orange
      </div>
    </div>
    <div class="nova-checkbox">
      <div tabindex="0" class="nova-checkbox-input"></div>
      <div class="nova-checkbox-label">
        Cherry
      </div>
    </div>
  </div>
  <div class="nova-checkbox-group">
    <div class="nova-checkbox is-checked is-disabled">
      <div tabindex="-1" class="nova-checkbox-input"></div>
      <div class="nova-checkbox-label">
        Apple
      </div>
    </div>
    <div class="nova-checkbox is-disabled">
      <div tabindex="-1" class="nova-checkbox-input"></div>
      <div class="nova-checkbox-label">
        Peach
      </div>
    </div>
    <div class="nova-checkbox is-disabled">
      <div tabindex="-1" class="nova-checkbox-input"></div>
      <div class="nova-checkbox-label">
        Orange
      </div>
    </div>
    <div class="nova-checkbox is-disabled">
      <div tabindex="-1" class="nova-checkbox-input"></div>
      <div class="nova-checkbox-label">
        Cherry
      </div>
    </div>
  </div>
</section>
`;
